// Jest Snapshot v1, https://goo.gl/fbAQLP

exports[`QuestionForm should render propperly 1`] = `
<div>
  <div
    class="sc-bxivhb luIqf"
  >
    <h1
      class="sc-bdVaJa eAcTCg"
    >
      Thank for answering the questions!
    </h1>
    <p>
      You seem to be dying but you'll be fine
    </p>
    <a
      class="sc-htpNat iTsvih"
      href="https://www.kry.se/"
      target="_blank"
    >
      Booking a meeting
    </a>
  </div>
  <a
    class="sc-ifAKCX cuLtBW"
    href="/"
  >
    Back to the start screen
  </a>
</div>
`;
